// Jest Snapshot v1, https://goo.gl/fbAQLP

exports[`<ForgotPasswordForm /> render() renders the component 1`] = `undefined`;
