// Jest Snapshot v1, https://goo.gl/fbAQLP

exports[`<LoginText /> render() renders the component 1`] = `undefined`;
