// Jest Snapshot v1, https://goo.gl/fbAQLP

exports[`<LogoutButton /> render() renders the component 1`] = `undefined`;
